2026-04-16T15:52:37.069896Z 0 [System] [MY-015015] [Server] MySQL Server - start.
2026-04-16T15:52:37.251933Z 0 [Warning] [MY-010097] [Server] Insecure configuration for --secure-file-priv: Current value does not restrict location of generated files. Consider setting it to a valid, non-empty path.
2026-04-16T15:52:37.251982Z 0 [System] [MY-010116] [Server] C:\laragon\bin\mysql\mysql-8.4.3-winx64\bin\mysqld (mysqld 8.4.3) starting as process 8564
2026-04-16T15:52:37.276331Z 1 [System] [MY-013576] [InnoDB] InnoDB initialization has started.
2026-04-16T15:52:37.605032Z 1 [System] [MY-013577] [InnoDB] InnoDB initialization has ended.
2026-04-16T15:52:38.095595Z 0 [Warning] [MY-013829] [Server] Missing data directory for ICU regular expressions: C:\laragon\bin\mysql\mysql-8.4.3-winx64\lib\private\.
2026-04-16T15:52:38.106709Z 0 [Warning] [MY-010068] [Server] CA certificate ca.pem is self signed.
2026-04-16T15:52:38.107126Z 0 [System] [MY-013602] [Server] Channel mysql_main configured to support TLS. Encrypted connections are now supported for this channel.
2026-04-16T15:52:38.178792Z 0 [System] [MY-011323] [Server] X Plugin ready for connections. Bind-address: '::' port: 33060
2026-04-16T15:52:38.178846Z 0 [System] [MY-010931] [Server] C:\laragon\bin\mysql\mysql-8.4.3-winx64\bin\mysqld: ready for connections. Version: '8.4.3'  socket: ''  port: 3306  MySQL Community Server - GPL.
2026-04-16T16:16:10.215590Z 0 [System] [MY-015015] [Server] MySQL Server - start.
2026-04-16T16:16:10.496288Z 0 [Warning] [MY-010097] [Server] Insecure configuration for --secure-file-priv: Current value does not restrict location of generated files. Consider setting it to a valid, non-empty path.
2026-04-16T16:16:10.496453Z 0 [System] [MY-010116] [Server] C:\laragon\bin\mysql\mysql-8.4.3-winx64\bin\mysqld (mysqld 8.4.3) starting as process 14616
2026-04-16T16:16:10.663664Z 1 [System] [MY-013576] [InnoDB] InnoDB initialization has started.
2026-04-16T16:16:12.815364Z 1 [System] [MY-013577] [InnoDB] InnoDB initialization has ended.
2026-04-16T16:16:13.865178Z 0 [System] [MY-010229] [Server] Starting XA crash recovery...
2026-04-16T16:16:13.875266Z 0 [System] [MY-010232] [Server] XA crash recovery finished.
2026-04-16T16:16:14.007638Z 0 [Warning] [MY-013829] [Server] Missing data directory for ICU regular expressions: C:\laragon\bin\mysql\mysql-8.4.3-winx64\lib\private\.
2026-04-16T16:16:14.157695Z 0 [Warning] [MY-010068] [Server] CA certificate ca.pem is self signed.
2026-04-16T16:16:14.159133Z 0 [System] [MY-013602] [Server] Channel mysql_main configured to support TLS. Encrypted connections are now supported for this channel.
2026-04-16T16:16:14.223188Z 0 [ERROR] [MY-010262] [Server] Can't start server: Bind on TCP/IP port: Only one usage of each socket address (protocol/network address/port) is normally permitted. 
2026-04-16T16:16:14.225811Z 0 [ERROR] [MY-010257] [Server] Do you already have another mysqld server running on port: 3306 ?
2026-04-16T16:16:14.227428Z 0 [ERROR] [MY-010119] [Server] Aborting
2026-04-16T16:16:15.365776Z 0 [System] [MY-010910] [Server] C:\laragon\bin\mysql\mysql-8.4.3-winx64\bin\mysqld: Shutdown complete (mysqld 8.4.3)  MySQL Community Server - GPL.
2026-04-16T16:16:15.368454Z 0 [System] [MY-015016] [Server] MySQL Server - end.
2026-04-16T16:20:32.666513Z 0 [System] [MY-015015] [Server] MySQL Server - start.
2026-04-16T16:20:33.156023Z 0 [Warning] [MY-010097] [Server] Insecure configuration for --secure-file-priv: Current value does not restrict location of generated files. Consider setting it to a valid, non-empty path.
2026-04-16T16:20:33.156135Z 0 [System] [MY-010116] [Server] C:\laragon\bin\mysql\mysql-8.4.3-winx64\bin\mysqld (mysqld 8.4.3) starting as process 4808
2026-04-16T16:20:33.224005Z 1 [System] [MY-013576] [InnoDB] InnoDB initialization has started.
2026-04-16T16:20:33.814870Z 1 [System] [MY-013577] [InnoDB] InnoDB initialization has ended.
2026-04-16T16:20:34.654597Z 0 [Warning] [MY-013829] [Server] Missing data directory for ICU regular expressions: C:\laragon\bin\mysql\mysql-8.4.3-winx64\lib\private\.
2026-04-16T16:20:34.679073Z 0 [Warning] [MY-010068] [Server] CA certificate ca.pem is self signed.
2026-04-16T16:20:34.680179Z 0 [System] [MY-013602] [Server] Channel mysql_main configured to support TLS. Encrypted connections are now supported for this channel.
2026-04-16T16:20:34.796263Z 0 [System] [MY-011323] [Server] X Plugin ready for connections. Bind-address: '::' port: 33060
2026-04-16T16:20:34.796519Z 0 [System] [MY-010931] [Server] C:\laragon\bin\mysql\mysql-8.4.3-winx64\bin\mysqld: ready for connections. Version: '8.4.3'  socket: ''  port: 3306  MySQL Community Server - GPL.
2026-04-16T16:20:48.751647Z 8 [System] [MY-013172] [Server] Received SHUTDOWN from user root. Shutting down mysqld (Version: 8.4.3).
2026-04-16T16:20:48.753363Z 0 [System] [MY-013105] [Server] C:\laragon\bin\mysql\mysql-8.4.3-winx64\bin\mysqld: Normal shutdown.
2026-04-16T16:20:49.605611Z 0 [System] [MY-010910] [Server] C:\laragon\bin\mysql\mysql-8.4.3-winx64\bin\mysqld: Shutdown complete (mysqld 8.4.3)  MySQL Community Server - GPL.
2026-04-16T16:20:49.607135Z 0 [System] [MY-015016] [Server] MySQL Server - end.
2026-04-16T16:21:14.321661Z 0 [System] [MY-015015] [Server] MySQL Server - start.
2026-04-16T16:21:14.513216Z 0 [Warning] [MY-010097] [Server] Insecure configuration for --secure-file-priv: Current value does not restrict location of generated files. Consider setting it to a valid, non-empty path.
2026-04-16T16:21:14.513322Z 0 [System] [MY-010116] [Server] C:\laragon\bin\mysql\mysql-8.4.3-winx64\bin\mysqld (mysqld 8.4.3) starting as process 15624
2026-04-16T16:21:14.569399Z 1 [System] [MY-013576] [InnoDB] InnoDB initialization has started.
2026-04-16T16:21:15.167394Z 1 [System] [MY-013577] [InnoDB] InnoDB initialization has ended.
2026-04-16T16:21:15.814906Z 0 [Warning] [MY-013829] [Server] Missing data directory for ICU regular expressions: C:\laragon\bin\mysql\mysql-8.4.3-winx64\lib\private\.
2026-04-16T16:21:15.864672Z 0 [Warning] [MY-010068] [Server] CA certificate ca.pem is self signed.
2026-04-16T16:21:15.865674Z 0 [System] [MY-013602] [Server] Channel mysql_main configured to support TLS. Encrypted connections are now supported for this channel.
2026-04-16T16:21:15.957270Z 0 [System] [MY-011323] [Server] X Plugin ready for connections. Bind-address: '::' port: 33060
2026-04-16T16:21:15.957587Z 0 [System] [MY-010931] [Server] C:\laragon\bin\mysql\mysql-8.4.3-winx64\bin\mysqld: ready for connections. Version: '8.4.3'  socket: ''  port: 3306  MySQL Community Server - GPL.
2026-04-16T16:21:18.565651Z 8 [System] [MY-013172] [Server] Received SHUTDOWN from user root. Shutting down mysqld (Version: 8.4.3).
2026-04-16T16:21:18.570101Z 0 [System] [MY-013105] [Server] C:\laragon\bin\mysql\mysql-8.4.3-winx64\bin\mysqld: Normal shutdown.
2026-04-16T16:21:19.769570Z 0 [System] [MY-010910] [Server] C:\laragon\bin\mysql\mysql-8.4.3-winx64\bin\mysqld: Shutdown complete (mysqld 8.4.3)  MySQL Community Server - GPL.
2026-04-16T16:21:19.770978Z 0 [System] [MY-015016] [Server] MySQL Server - end.
2026-04-17T00:57:20.129374Z 0 [System] [MY-015015] [Server] MySQL Server - start.
2026-04-17T00:57:20.861344Z 0 [Warning] [MY-010097] [Server] Insecure configuration for --secure-file-priv: Current value does not restrict location of generated files. Consider setting it to a valid, non-empty path.
2026-04-17T00:57:20.862959Z 0 [System] [MY-010116] [Server] C:\laragon\bin\mysql\mysql-8.4.3-winx64\bin\mysqld (mysqld 8.4.3) starting as process 19048
2026-04-17T00:57:21.249684Z 1 [System] [MY-013576] [InnoDB] InnoDB initialization has started.
2026-04-17T00:57:25.667053Z 1 [System] [MY-013577] [InnoDB] InnoDB initialization has ended.
2026-04-17T00:57:27.626326Z 0 [Warning] [MY-013829] [Server] Missing data directory for ICU regular expressions: C:\laragon\bin\mysql\mysql-8.4.3-winx64\lib\private\.
2026-04-17T00:57:27.834667Z 0 [Warning] [MY-010068] [Server] CA certificate ca.pem is self signed.
2026-04-17T00:57:27.838380Z 0 [System] [MY-013602] [Server] Channel mysql_main configured to support TLS. Encrypted connections are now supported for this channel.
2026-04-17T00:57:27.914654Z 0 [ERROR] [MY-010262] [Server] Can't start server: Bind on TCP/IP port: Only one usage of each socket address (protocol/network address/port) is normally permitted. 
2026-04-17T00:57:27.917792Z 0 [ERROR] [MY-010257] [Server] Do you already have another mysqld server running on port: 3306 ?
2026-04-17T00:57:27.919458Z 0 [ERROR] [MY-010119] [Server] Aborting
2026-04-17T00:57:30.259605Z 0 [System] [MY-010910] [Server] C:\laragon\bin\mysql\mysql-8.4.3-winx64\bin\mysqld: Shutdown complete (mysqld 8.4.3)  MySQL Community Server - GPL.
2026-04-17T00:57:30.265331Z 0 [System] [MY-015016] [Server] MySQL Server - end.
2026-04-24T02:24:38.327970Z 0 [System] [MY-015015] [Server] MySQL Server - start.
2026-04-24T02:24:39.448534Z 0 [Warning] [MY-010097] [Server] Insecure configuration for --secure-file-priv: Current value does not restrict location of generated files. Consider setting it to a valid, non-empty path.
2026-04-24T02:24:39.449845Z 0 [System] [MY-010116] [Server] C:\laragon\bin\mysql\mysql-8.4.3-winx64\bin\mysqld (mysqld 8.4.3) starting as process 5688
2026-04-24T02:24:39.840293Z 1 [System] [MY-013576] [InnoDB] InnoDB initialization has started.
2026-04-24T02:24:45.179702Z 1 [System] [MY-013577] [InnoDB] InnoDB initialization has ended.
2026-04-24T02:24:46.901403Z 0 [Warning] [MY-013829] [Server] Missing data directory for ICU regular expressions: C:\laragon\bin\mysql\mysql-8.4.3-winx64\lib\private\.
2026-04-24T02:24:47.771439Z 0 [Warning] [MY-010068] [Server] CA certificate ca.pem is self signed.
2026-04-24T02:24:47.773719Z 0 [System] [MY-013602] [Server] Channel mysql_main configured to support TLS. Encrypted connections are now supported for this channel.
2026-04-24T02:24:50.678174Z 0 [System] [MY-011323] [Server] X Plugin ready for connections. Bind-address: '::' port: 33060
2026-04-24T02:24:50.693361Z 0 [System] [MY-010931] [Server] C:\laragon\bin\mysql\mysql-8.4.3-winx64\bin\mysqld: ready for connections. Version: '8.4.3'  socket: ''  port: 3306  MySQL Community Server - GPL.
2026-04-24T03:42:37.446909Z 8 [System] [MY-013172] [Server] Received SHUTDOWN from user root. Shutting down mysqld (Version: 8.4.3).
2026-04-24T03:42:37.451389Z 0 [System] [MY-013105] [Server] C:\laragon\bin\mysql\mysql-8.4.3-winx64\bin\mysqld: Normal shutdown.
2026-04-24T03:42:38.676941Z 0 [System] [MY-010910] [Server] C:\laragon\bin\mysql\mysql-8.4.3-winx64\bin\mysqld: Shutdown complete (mysqld 8.4.3)  MySQL Community Server - GPL.
2026-04-24T03:42:38.678799Z 0 [System] [MY-015016] [Server] MySQL Server - end.
2026-05-04T11:58:33.254783Z 0 [System] [MY-015015] [Server] MySQL Server - start.
2026-05-04T11:58:33.672233Z 0 [Warning] [MY-010097] [Server] Insecure configuration for --secure-file-priv: Current value does not restrict location of generated files. Consider setting it to a valid, non-empty path.
2026-05-04T11:58:33.672931Z 0 [System] [MY-010116] [Server] C:\laragon\bin\mysql\mysql-8.4.3-winx64\bin\mysqld (mysqld 8.4.3) starting as process 13832
2026-05-04T11:58:33.949879Z 1 [System] [MY-013576] [InnoDB] InnoDB initialization has started.
2026-05-04T11:58:35.004658Z 1 [System] [MY-013577] [InnoDB] InnoDB initialization has ended.
2026-05-04T11:58:36.019327Z 0 [Warning] [MY-013829] [Server] Missing data directory for ICU regular expressions: C:\laragon\bin\mysql\mysql-8.4.3-winx64\lib\private\.
2026-05-04T11:58:36.143081Z 0 [Warning] [MY-010068] [Server] CA certificate ca.pem is self signed.
2026-05-04T11:58:36.144086Z 0 [System] [MY-013602] [Server] Channel mysql_main configured to support TLS. Encrypted connections are now supported for this channel.
2026-05-04T11:58:38.914383Z 0 [System] [MY-011323] [Server] X Plugin ready for connections. Bind-address: '::' port: 33060
2026-05-04T11:58:38.915961Z 0 [System] [MY-010931] [Server] C:\laragon\bin\mysql\mysql-8.4.3-winx64\bin\mysqld: ready for connections. Version: '8.4.3'  socket: ''  port: 3306  MySQL Community Server - GPL.
2026-05-04T12:28:17.885459Z 8 [System] [MY-013172] [Server] Received SHUTDOWN from user root. Shutting down mysqld (Version: 8.4.3).
2026-05-04T12:28:17.887335Z 0 [System] [MY-013105] [Server] C:\laragon\bin\mysql\mysql-8.4.3-winx64\bin\mysqld: Normal shutdown.
2026-05-04T12:28:18.511134Z 0 [System] [MY-010910] [Server] C:\laragon\bin\mysql\mysql-8.4.3-winx64\bin\mysqld: Shutdown complete (mysqld 8.4.3)  MySQL Community Server - GPL.
2026-05-04T12:28:18.512836Z 0 [System] [MY-015016] [Server] MySQL Server - end.
